// Jest Snapshot v1, https://goo.gl/fbAQLP

exports[`MENU SCREEN should render correctly 1`] = `
<div>
  <div
    class="MuiGrid-root css-jn9ra0-MuiGrid-root"
  >
    <div>
      MenuDoughs
    </div>
  </div>
</div>
`;
